
> psiconepsis-booking@1.0.0 test
> cross-env NODE_OPTIONS=--experimental-vm-modules jest tests/integration/auth.test.js --verbose

  console.log
    Ô£à Loaded .env.local

      at log (index.js:44:13)

(node:9376) ExperimentalWarning: VM Modules is an experimental feature and might change at any time
(Use `node --trace-warnings ...` to show where the warning was created)
(node:9376) [MONGODB DRIVER] Warning: useNewUrlParser is a deprecated option: useNewUrlParser has no effect since Node.js Driver version 4.0.0 and will be removed in the next major version
(node:9376) [MONGODB DRIVER] Warning: useUnifiedTopology is a deprecated option: useUnifiedTopology has no effect since Node.js Driver version 4.0.0 and will be removed in the next major version
  console.log
    ­ƒôº Email Config: {
      service: 'gmail',
      user: 'psiconepsis@gmail.com',
      from: 'psiconepsis@gmail.com'
    }

      at log (utils/emailService.js:27:11)

  console.log
    ­ƒôº Email Config: {
      service: 'gmail',
      user: 'psiconepsis@gmail.com',
      from: 'psiconepsis@gmail.com'
    }

      at log (utils/emailService.js:27:11)

  console.log
    ­ƒôº Email Config: {
      service: 'gmail',
      user: 'psiconepsis@gmail.com',
      from: 'psiconepsis@gmail.com'
    }

      at log (utils/emailService.js:27:11)

  console.log
    ­ƒôº Email Config: {
      service: 'gmail',
      user: 'psiconepsis@gmail.com',
      from: 'psiconepsis@gmail.com'
    }

      at log (utils/emailService.js:27:11)

  console.log
    ­ƒôº Email Config: {
      service: 'gmail',
      user: 'psiconepsis@gmail.com',
      from: 'psiconepsis@gmail.com'
    }

      at log (utils/emailService.js:27:11)

  console.log
    ­ƒôº Email Config: {
      service: 'gmail',
      user: 'psiconepsis@gmail.com',
      from: 'psiconepsis@gmail.com'
    }

      at log (utils/emailService.js:27:11)

FAIL tests/integration/auth.test.js (14.513 s)
  POST /api/v1/auth/register
    Registro de Paciente
      ÔêÜ debe registrar paciente v├ílido (2005 ms)
      ├ù debe rechazar email duplicado (1815 ms)
      ÔêÜ debe rechazar email inv├ílido (49 ms)
      ÔêÜ debe rechazar contrase├▒a d├®bil (46 ms)
    Registro de Doctor
      ├ù debe registrar doctor con especializaci├│n (1937 ms)
      ├ù debe rechazar doctor sin especializaci├│n (1945 ms)
  POST /api/v1/auth/login
    ├ù debe hacer login con credenciales v├ílidas (2146 ms)
    ├ù debe rechazar email inexistente (66 ms)
    ├ù debe rechazar contrase├▒a incorrecta (72 ms)
    Ôùï skipped debe rechazar doctor no aprobado
  Flujo Completo de Autenticaci├│n
    ├ù debe completar ciclo: registro ÔåÆ login ÔåÆ acceso con token (55 ms)

  ÔùÅ POST /api/v1/auth/register ÔÇ║ Registro de Paciente ÔÇ║ debe rechazar email duplicado

    expect(received).toBe(expected) // Object.is equality

    Expected: false
    Received: undefined

      91 |         .expect(400);
      92 |
    > 93 |       expect(response.body.success).toBe(false);
         |                                     ^
      94 |       expect(response.body.message).toContain('existe');
      95 |     });
      96 |

      at Object.toBe (tests/integration/auth.test.js:93:37)

  ÔùÅ POST /api/v1/auth/register ÔÇ║ Registro de Doctor ÔÇ║ debe registrar doctor con especializaci├│n

    expect(received).toBe(expected) // Object.is equality

    Expected: "Psicolog├¡a Cl├¡nica"
    Received: undefined

      153 |       const doctor = await Doctor.findOne({ email: doctorData.email });
      154 |       expect(doctor).toBeDefined();
    > 155 |       expect(doctor.specialization).toBe(doctorData.specialization);
          |                                     ^
      156 |       expect(doctor.isApproved).toBe(false); // No aprobado por defecto
      157 |     });
      158 |

      at Object.toBe (tests/integration/auth.test.js:155:37)

  ÔùÅ POST /api/v1/auth/register ÔÇ║ Registro de Doctor ÔÇ║ debe rechazar doctor sin especializaci├│n

    expected 400 "Bad Request", got 200 "OK"

      169 |         .post('/api/v1/auth/register')
      170 |         .send(doctorData)
    > 171 |         .expect(400);
          |          ^
      172 |
      173 |       expect(response.body.success).toBe(false);
      174 |     });

      at Object.expect (tests/integration/auth.test.js:171:10)
      ----
      at Test._assertStatus (node_modules/supertest/lib/test.js:309:14)
      at node_modules/supertest/lib/test.js:365:13
      at Test._assertFunction (node_modules/supertest/lib/test.js:342:13)
      at Test.assert (node_modules/supertest/lib/test.js:195:23)
      at localAssert (node_modules/supertest/lib/test.js:138:14)
      at Server.<anonymous> (node_modules/supertest/lib/test.js:152:11)

  ÔùÅ POST /api/v1/auth/login ÔÇ║ debe hacer login con credenciales v├ílidas

    expect(received).toBe(expected) // Object.is equality

    Expected: true
    Received: undefined

      205 |
      206 |     // Verificar respuesta
    > 207 |     expect(response.body.success).toBe(true);
          |                                   ^
      208 |     expect(response.body.token).toBeDefined();
      209 |     expect(response.body.data).toBeDefined();
      210 |     expect(response.body.data.email).toBe(userData.email);

      at Object.toBe (tests/integration/auth.test.js:207:35)

  ÔùÅ POST /api/v1/auth/login ÔÇ║ debe rechazar email inexistente

    expect(received).toBe(expected) // Object.is equality

    Expected: false
    Received: undefined

      224 |       .expect(404); // Controller devuelve 404 cuando usuario no encontrado
      225 |
    > 226 |     expect(response.body.success).toBe(false);
          |                                   ^
      227 |     expect(response.body.message).toContain('credenciales');
      228 |   });
      229 |

      at Object.toBe (tests/integration/auth.test.js:226:35)

  ÔùÅ POST /api/v1/auth/login ÔÇ║ debe rechazar contrase├▒a incorrecta

    TypeError: Cannot set properties of null (setting 'emailVerified')

      243 |     // Verificar email para permitir login
      244 |     const user = await User.findOne({ email: userData.email });
    > 245 |     user.emailVerified = true;
          |                       ^
      246 |     await user.save();
      247 |
      248 |     // Login con contrase├▒a incorrecta

      at Object.<anonymous> (tests/integration/auth.test.js:245:23)

  ÔùÅ Flujo Completo de Autenticaci├│n ÔÇ║ debe completar ciclo: registro ÔåÆ login ÔåÆ acceso con token

    expected 200 "OK", got 429 "Too Many Requests"

      301 |       .post('/api/v1/auth/register')
      302 |       .send(userData)
    > 303 |       .expect(200); // Controller devuelve 200
          |        ^
      304 |       
      305 |     // Verificar email para permitir login
      306 |     const user = await User.findOne({ email: userData.email });

      at Object.expect (tests/integration/auth.test.js:303:8)
      ----
      at Test._assertStatus (node_modules/supertest/lib/test.js:309:14)
      at node_modules/supertest/lib/test.js:365:13
      at Test._assertFunction (node_modules/supertest/lib/test.js:342:13)
      at Test.assert (node_modules/supertest/lib/test.js:195:23)
      at localAssert (node_modules/supertest/lib/test.js:138:14)
      at Server.<anonymous> (node_modules/supertest/lib/test.js:152:11)

Test Suites: 1 failed, 1 total
Tests:       7 failed, 1 skipped, 3 passed, 11 total
Snapshots:   0 total
Time:        14.589 s, estimated 15 s
Ran all test suites matching tests/integration/auth.test.js.
Jest did not exit one second after the test run has completed.

'This usually means that there are asynchronous operations that weren't stopped in your tests. Consider running Jest with `--detectOpenHandles` to troubleshoot this issue.
