
> psiconepsis-booking@1.0.0 test
> cross-env NODE_OPTIONS=--experimental-vm-modules jest tests/integration/auth.test.js

  console.log
    Ô£à Loaded .env.local

      at log (index.js:44:13)

(node:10292) ExperimentalWarning: VM Modules is an experimental feature and might change at any time
(Use `node --trace-warnings ...` to show where the warning was created)
(node:10292) [MONGODB DRIVER] Warning: useNewUrlParser is a deprecated option: useNewUrlParser has no effect since Node.js Driver version 4.0.0 and will be removed in the next major version
(node:10292) [MONGODB DRIVER] Warning: useUnifiedTopology is a deprecated option: useUnifiedTopology has no effect since Node.js Driver version 4.0.0 and will be removed in the next major version
  console.log
    ­ƒôº Email Config: {
      service: 'gmail',
      user: 'psiconepsis@gmail.com',
      from: 'psiconepsis@gmail.com'
    }

      at log (utils/emailService.js:27:11)

  console.log
    ­ƒôº Email Config: {
      service: 'gmail',
      user: 'psiconepsis@gmail.com',
      from: 'psiconepsis@gmail.com'
    }

      at log (utils/emailService.js:27:11)

  console.log
    ­ƒôº Email Config: {
      service: 'gmail',
      user: 'psiconepsis@gmail.com',
      from: 'psiconepsis@gmail.com'
    }

      at log (utils/emailService.js:27:11)

  console.log
    ­ƒôº Email Config: {
      service: 'gmail',
      user: 'psiconepsis@gmail.com',
      from: 'psiconepsis@gmail.com'
    }

      at log (utils/emailService.js:27:11)

  console.log
    ­ƒôº Email Config: {
      service: 'gmail',
      user: 'psiconepsis@gmail.com',
      from: 'psiconepsis@gmail.com'
    }

      at log (utils/emailService.js:27:11)

FAIL tests/integration/auth.test.js (12.531 s)
  POST /api/v1/auth/register
    Registro de Paciente
      ÔêÜ debe registrar paciente v├ílido (2871 ms)
      ÔêÜ debe rechazar email duplicado (1612 ms)
      ÔêÜ debe rechazar email inv├ílido (27 ms)
      ÔêÜ debe rechazar contrase├▒a d├®bil (24 ms)
    Registro de Doctor
      ÔêÜ debe registrar doctor con especializaci├│n (1835 ms)
      ÔêÜ debe rechazar doctor sin nombre (39 ms)
  POST /api/v1/auth/login
    ├ù debe hacer login con credenciales v├ílidas (1901 ms)
    ÔêÜ debe rechazar email inexistente (28 ms)
    ├ù debe rechazar contrase├▒a incorrecta (31 ms)
    Ôùï skipped debe rechazar doctor no aprobado
  Flujo Completo de Autenticaci├│n
    ├ù debe completar ciclo: registro ÔåÆ login ÔåÆ acceso con token (20 ms)

  ÔùÅ POST /api/v1/auth/login ÔÇ║ debe hacer login con credenciales v├ílidas

    expect(received).toBe(expected) // Object.is equality

    Expected: "paciente"
    Received: undefined

      208 |     expect(response.body.data).toBeDefined();
      209 |     expect(response.body.data.email).toBe(userData.email);
    > 210 |     expect(response.body.data.role).toBe('paciente');
          |                                     ^
      211 |     
      212 |     // Verificar que password NO se env├¡a en respuesta
      213 |     expect(response.body.data.password).toBeUndefined();

      at Object.toBe (tests/integration/auth.test.js:210:37)

  ÔùÅ POST /api/v1/auth/login ÔÇ║ debe rechazar contrase├▒a incorrecta

    expected 400 "Bad Request", got 429 "Too Many Requests"

      253 |         password: 'WrongPassword123!'
      254 |       })
    > 255 |       .expect(400); // Controller devuelve 400 para contrase├▒a incorrecta
          |        ^
      256 |
      257 |     expect(response.body.message).toBeDefined();
      258 |   });

      at Object.expect (tests/integration/auth.test.js:255:8)
      ----
      at Test._assertStatus (node_modules/supertest/lib/test.js:309:14)
      at node_modules/supertest/lib/test.js:365:13
      at Test._assertFunction (node_modules/supertest/lib/test.js:342:13)
      at Test.assert (node_modules/supertest/lib/test.js:195:23)
      at localAssert (node_modules/supertest/lib/test.js:138:14)
      at Server.<anonymous> (node_modules/supertest/lib/test.js:152:11)

  ÔùÅ Flujo Completo de Autenticaci├│n ÔÇ║ debe completar ciclo: registro ÔåÆ login ÔåÆ acceso con token

    expected 200 "OK", got 429 "Too Many Requests"

      300 |       .post('/api/v1/auth/register')
      301 |       .send(userData)
    > 302 |       .expect(200); // Controller devuelve 200
          |        ^
      303 |       
      304 |     // Verificar email para permitir login
      305 |     const user = await User.findOne({ email: userData.email });

      at Object.expect (tests/integration/auth.test.js:302:8)
      ----
      at Test._assertStatus (node_modules/supertest/lib/test.js:309:14)
      at node_modules/supertest/lib/test.js:365:13
      at Test._assertFunction (node_modules/supertest/lib/test.js:342:13)
      at Test.assert (node_modules/supertest/lib/test.js:195:23)
      at localAssert (node_modules/supertest/lib/test.js:138:14)
      at Server.<anonymous> (node_modules/supertest/lib/test.js:152:11)

Test Suites: 1 failed, 1 total
Tests:       3 failed, 1 skipped, 7 passed, 11 total
Snapshots:   0 total
Time:        12.624 s
Ran all test suites matching tests/integration/auth.test.js.
Jest did not exit one second after the test run has completed.

'This usually means that there are asynchronous operations that weren't stopped in your tests. Consider running Jest with `--detectOpenHandles` to troubleshoot this issue.
